Microsoft Windows [Version 10.0.26100.2894]
(c) Корпорация Майкрософт (Microsoft Corporation). Все права защищены.

D:\Development\BaseGrammy>